Using vips to process variants requires the libvips library. Please install libvips using the instructions on the libvips website.
  [1m[36mActiveRecord::InternalMetadata Load (0.3ms)[0m  [1m[34mSELECT * FROM "ar_internal_metadata" WHERE "ar_internal_metadata"."key" = 'environment' ORDER BY "ar_internal_metadata"."key" ASC LIMIT 1 /*application='ToDo'*/[0m
  [1m[36mActiveRecord::SchemaMigration Load (0.1ms)[0m  [1m[34mSELECT "schema_migrations"."version" FROM "schema_migrations" ORDER BY "schema_migrations"."version" ASC /*application='ToDo'*/[0m
  [1m[36mActiveRecord::SchemaMigration Load (0.0ms)[0m  [1m[34mSELECT "schema_migrations"."version" FROM "schema_migrations" ORDER BY "schema_migrations"."version" ASC /*application='ToDo'*/[0m
Using vips to process variants requires the libvips library. Please install libvips using the instructions on the libvips website.
  [1m[36mActiveRecord::SchemaMigration Load (0.2ms)[0m  [1m[34mSELECT "schema_migrations"."version" FROM "schema_migrations" ORDER BY "schema_migrations"."version" ASC /*application='ToDo'*/[0m
Using vips to process variants requires the libvips library. Please install libvips using the instructions on the libvips website.
Started GET "/tasks" for 127.0.0.1 at 2026-08-06 15:00:23 +0530
  [1m[36mActiveRecord::SchemaMigration Load (0.2ms)[0m  [1m[34mSELECT "schema_migrations"."version" FROM "schema_migrations" ORDER BY "schema_migrations"."version" ASC /*application='ToDo'*/[0m
Processing by TasksController#index as JSON
  [1m[36mTask Load (0.5ms)[0m  [1m[34mSELECT "tasks".* FROM "tasks" ORDER BY "tasks"."due_date" ASC, "tasks"."created_at" DESC /*action='index',application='ToDo',controller='tasks'*/[0m
  ↳ app/controllers/tasks_controller.rb:27:in `index'
Completed 200 OK in 439ms (Views: 2.7ms | ActiveRecord: 3.9ms (1 query, 0 cached) | GC: 0.0ms)


Using vips to process variants requires the libvips library. Please install libvips using the instructions on the libvips website.
Started GET "/tasks" for 127.0.0.1 at 2026-08-06 18:44:12 +0530
  [1m[36mActiveRecord::SchemaMigration Load (0.5ms)[0m  [1m[34mSELECT "schema_migrations"."version" FROM "schema_migrations" ORDER BY "schema_migrations"."version" ASC /*application='ToDo'*/[0m
Processing by TasksController#index as JSON
  [1m[36mTask Load (0.5ms)[0m  [1m[34mSELECT "tasks".* FROM "tasks" ORDER BY "tasks"."due_date" ASC, "tasks"."created_at" DESC /*action='index',application='ToDo',controller='tasks'*/[0m
  ↳ app/controllers/tasks_controller.rb:27:in `index'
Completed 200 OK in 70ms (Views: 4.1ms | ActiveRecord: 5.8ms (1 query, 0 cached) | GC: 0.0ms)


